Loading db file '/home/lx2349/vlsi2/vlsi2_final/DCNXT_2021.06/ref/DBs/saed32lvt_ss0p75v125c.db'
Information: Propagating switching activity (low effort zero delay simulation). (PWR-6)
Warning: Design has unannotated primary inputs. (PWR-414)
Warning: Design has unannotated sequential cell outputs. (PWR-415)
 
****************************************
Report : power
        -analysis_effort low
Design : bist
Version: W-2024.09-SP5-5
Date   : Thu Apr 30 02:08:12 2026
****************************************


Library(s) Used:

    saed32lvt_ss0p75v125c (File: /home/lx2349/vlsi2/vlsi2_final/DCNXT_2021.06/ref/DBs/saed32lvt_ss0p75v125c.db)


Operating Conditions: ss0p75v125c   Library: saed32lvt_ss0p75v125c
Wire Load Model Mode: enclosed

Design        Wire Load Model            Library
------------------------------------------------
bist                   8000              saed32lvt_ss0p75v125c
controller             ForQA             saed32lvt_ss0p75v125c
counter_length10       8000              saed32lvt_ss0p75v125c
decoder                ForQA             saed32lvt_ss0p75v125c
multiplexer_WIDTH6     ForQA             saed32lvt_ss0p75v125c
multiplexer_WIDTH8     ForQA             saed32lvt_ss0p75v125c
sram                   8000              saed32lvt_ss0p75v125c
comparator             ForQA             saed32lvt_ss0p75v125c
counter_length10_DW01_inc_0
                       ForQA             saed32lvt_ss0p75v125c


Global Operating Voltage = 0.75 
Power-specific unit information :
    Voltage Units = 1V
    Capacitance Units = 1.000000ff
    Time Units = 1ns
    Dynamic Power Units = 1uW    (derived from V,C,T units)
    Leakage Power Units = 1pW


Attributes
----------
i - Including register clock pin internal power


  Cell Internal Power  =   1.1539 mW   (98%)
  Net Switching Power  =  18.6276 uW    (2%)
                         ---------
Total Dynamic Power    =   1.1726 mW  (100%)

Cell Leakage Power     =   1.0443 mW


                 Internal         Switching           Leakage            Total
Power Group      Power            Power               Power              Power   (   %    )  Attrs
--------------------------------------------------------------------------------------------------
io_pad             0.0000            0.0000            0.0000            0.0000  (   0.00%)
memory             0.0000            0.0000            0.0000            0.0000  (   0.00%)
black_box          0.0000            0.0000            0.0000            0.0000  (   0.00%)
clock_network  1.0913e+03            0.0000            0.0000        1.0913e+03  (  49.23%)  i
register          36.7292            1.5692        7.3263e+08          770.9278  (  34.78%)
sequential         0.0000            0.0000            0.0000            0.0000  (   0.00%)
combinational     25.9294           17.0584        3.1167e+08          354.6617  (  16.00%)
--------------------------------------------------------------------------------------------------
Total          1.1539e+03 uW        18.6276 uW     1.0443e+09 pW     2.2169e+03 uW
1
